MSBuild version 17.14.40+3e7442088 for .NET Framework

  Checking File Globs
  WAVFinEffectEngine_rc_lib.vcxproj -> C:\Users\Kongo\Desktop\Apps\audio-plugin-coder\build\plugins\WAVFin Effect Engine\WAVFinEffectEngine_rc_lib.dir\Debug\WAVFinEffectEngine_rc_lib.lib
  WAVFinEffectEngine_WebUI.vcxproj -> C:\Users\Kongo\Desktop\Apps\audio-plugin-coder\build\plugins\WAVFin Effect Engine\Debug\WAVFinEffectEngine_WebUI.lib
  PluginProcessor.cpp
C:\Users\Kongo\Desktop\Apps\audio-plugin-coder\plugins\WAVFin Effect Engine\Source\PluginProcessor.cpp(89,63): warning C4100: 'index': unreferenced parameter [C:\Users\Kongo\Desktop\Apps\audio-plugin-coder\build\plugins\WAVFin Effect Engine\WAVFinEffectEngine.vcxproj]
C:\Users\Kongo\Desktop\Apps\audio-plugin-coder\plugins\WAVFin Effect Engine\Source\PluginProcessor.cpp(93,74): warning C4100: 'index': unreferenced parameter [C:\Users\Kongo\Desktop\Apps\audio-plugin-coder\build\plugins\WAVFin Effect Engine\WAVFinEffectEngine.vcxproj]
C:\Users\Kongo\Desktop\Apps\audio-plugin-coder\plugins\WAVFin Effect Engine\Source\PluginProcessor.cpp(98,90): warning C4100: 'newName': unreferenced parameter [C:\Users\Kongo\Desktop\Apps\audio-plugin-coder\build\plugins\WAVFin Effect Engine\WAVFinEffectEngine.vcxproj]
C:\Users\Kongo\Desktop\Apps\audio-plugin-coder\plugins\WAVFin Effect Engine\Source\PluginProcessor.cpp(98,63): warning C4100: 'index': unreferenced parameter [C:\Users\Kongo\Desktop\Apps\audio-plugin-coder\build\plugins\WAVFin Effect Engine\WAVFinEffectEngine.vcxproj]
C:\Users\Kongo\Desktop\Apps\audio-plugin-coder\plugins\WAVFin Effect Engine\Source\PluginProcessor.cpp(110,12): error C2039: 'setParameter': is not a member of 'juce::dsp::StateVariableTPTFilter<float>' [C:\Users\Kongo\Desktop\Apps\audio-plugin-coder\build\plugins\WAVFin Effect Engine\WAVFinEffectEngine.vcxproj]
      C:\Users\Kongo\Desktop\Apps\audio-plugin-coder\_tools\JUCE\modules\juce_dsp\processors\juce_StateVariableTPTFilter.h(66,7):
      see declaration of 'juce::dsp::StateVariableTPTFilter<float>'
  
C:\Users\Kongo\Desktop\Apps\audio-plugin-coder\plugins\WAVFin Effect Engine\Source\PluginProcessor.cpp(168,11): error C3083: 'reverb': the symbol to the left of a '::' must be a type [C:\Users\Kongo\Desktop\Apps\audio-plugin-coder\build\plugins\WAVFin Effect Engine\WAVFinEffectEngine.vcxproj]
C:\Users\Kongo\Desktop\Apps\audio-plugin-coder\plugins\WAVFin Effect Engine\Source\PluginProcessor.cpp(168,19): error C2039: 'Parameters': is not a member of 'juce' [C:\Users\Kongo\Desktop\Apps\audio-plugin-coder\build\plugins\WAVFin Effect Engine\WAVFinEffectEngine.vcxproj]
      C:\Users\Kongo\Desktop\Apps\audio-plugin-coder\_tools\JUCE\modules\juce_dsp\widgets\juce_Chorus.h(35,11):
      see declaration of 'juce'
  
C:\Users\Kongo\Desktop\Apps\audio-plugin-coder\plugins\WAVFin Effect Engine\Source\PluginProcessor.cpp(168,19): error C2065: 'Parameters': undeclared identifier [C:\Users\Kongo\Desktop\Apps\audio-plugin-coder\build\plugins\WAVFin Effect Engine\WAVFinEffectEngine.vcxproj]
C:\Users\Kongo\Desktop\Apps\audio-plugin-coder\plugins\WAVFin Effect Engine\Source\PluginProcessor.cpp(168,30): error C2146: syntax error: missing ';' before identifier 'revParams' [C:\Users\Kongo\Desktop\Apps\audio-plugin-coder\build\plugins\WAVFin Effect Engine\WAVFinEffectEngine.vcxproj]
C:\Users\Kongo\Desktop\Apps\audio-plugin-coder\plugins\WAVFin Effect Engine\Source\PluginProcessor.cpp(168,30): error C2065: 'revParams': undeclared identifier [C:\Users\Kongo\Desktop\Apps\audio-plugin-coder\build\plugins\WAVFin Effect Engine\WAVFinEffectEngine.vcxproj]
C:\Users\Kongo\Desktop\Apps\audio-plugin-coder\plugins\WAVFin Effect Engine\Source\PluginProcessor.cpp(169,5): error C2065: 'revParams': undeclared identifier [C:\Users\Kongo\Desktop\Apps\audio-plugin-coder\build\plugins\WAVFin Effect Engine\WAVFinEffectEngine.vcxproj]
C:\Users\Kongo\Desktop\Apps\audio-plugin-coder\plugins\WAVFin Effect Engine\Source\PluginProcessor.cpp(170,5): error C2065: 'revParams': undeclared identifier [C:\Users\Kongo\Desktop\Apps\audio-plugin-coder\build\plugins\WAVFin Effect Engine\WAVFinEffectEngine.vcxproj]
C:\Users\Kongo\Desktop\Apps\audio-plugin-coder\plugins\WAVFin Effect Engine\Source\PluginProcessor.cpp(171,5): error C2065: 'revParams': undeclared identifier [C:\Users\Kongo\Desktop\Apps\audio-plugin-coder\build\plugins\WAVFin Effect Engine\WAVFinEffectEngine.vcxproj]
C:\Users\Kongo\Desktop\Apps\audio-plugin-coder\plugins\WAVFin Effect Engine\Source\PluginProcessor.cpp(172,5): error C2065: 'revParams': undeclared identifier [C:\Users\Kongo\Desktop\Apps\audio-plugin-coder\build\plugins\WAVFin Effect Engine\WAVFinEffectEngine.vcxproj]
C:\Users\Kongo\Desktop\Apps\audio-plugin-coder\plugins\WAVFin Effect Engine\Source\PluginProcessor.cpp(172,33): error C2065: 'revParams': undeclared identifier [C:\Users\Kongo\Desktop\Apps\audio-plugin-coder\build\plugins\WAVFin Effect Engine\WAVFinEffectEngine.vcxproj]
C:\Users\Kongo\Desktop\Apps\audio-plugin-coder\plugins\WAVFin Effect Engine\Source\PluginProcessor.cpp(173,26): error C2065: 'revParams': undeclared identifier [C:\Users\Kongo\Desktop\Apps\audio-plugin-coder\build\plugins\WAVFin Effect Engine\WAVFinEffectEngine.vcxproj]
